Archive member included to satisfy reference by file (symbol)

c:/users/admin/.platformio/packages/toolchain-gccarmnoneeabi/bin/../lib/gcc/arm-none-eabi/7.2.1/../../../../arm-none-eabi/lib/thumb/v7-m\libc.a(lib_a-exit.o)
                              c:/users/admin/.platformio/packages/toolchain-gccarmnoneeabi/bin/../lib/gcc/arm-none-eabi/7.2.1/../../../../arm-none-eabi/lib/thumb/v7-m/crt0.o (exit)
c:/users/admin/.platformio/packages/toolchain-gccarmnoneeabi/bin/../lib/gcc/arm-none-eabi/7.2.1/../../../../arm-none-eabi/lib/thumb/v7-m\libc.a(lib_a-impure.o)
                              c:/users/admin/.platformio/packages/toolchain-gccarmnoneeabi/bin/../lib/gcc/arm-none-eabi/7.2.1/../../../../arm-none-eabi/lib/thumb/v7-m\libc.a(lib_a-exit.o) (_global_impure_ptr)
c:/users/admin/.platformio/packages/toolchain-gccarmnoneeabi/bin/../lib/gcc/arm-none-eabi/7.2.1/../../../../arm-none-eabi/lib/thumb/v7-m\libc.a(lib_a-init.o)
                              c:/users/admin/.platformio/packages/toolchain-gccarmnoneeabi/bin/../lib/gcc/arm-none-eabi/7.2.1/../../../../arm-none-eabi/lib/thumb/v7-m/crt0.o (__libc_init_array)
c:/users/admin/.platformio/packages/toolchain-gccarmnoneeabi/bin/../lib/gcc/arm-none-eabi/7.2.1/../../../../arm-none-eabi/lib/thumb/v7-m\libc.a(lib_a-memset.o)
                              c:/users/admin/.platformio/packages/toolchain-gccarmnoneeabi/bin/../lib/gcc/arm-none-eabi/7.2.1/../../../../arm-none-eabi/lib/thumb/v7-m/crt0.o (memset)
c:/users/admin/.platformio/packages/toolchain-gccarmnoneeabi/bin/../lib/gcc/arm-none-eabi/7.2.1/../../../../arm-none-eabi/lib/thumb/v7-m\libc.a(lib_a-__call_atexit.o)
                              c:/users/admin/.platformio/packages/toolchain-gccarmnoneeabi/bin/../lib/gcc/arm-none-eabi/7.2.1/../../../../arm-none-eabi/lib/thumb/v7-m\libc.a(lib_a-exit.o) (__call_exitprocs)
c:/users/admin/.platformio/packages/toolchain-gccarmnoneeabi/bin/../lib/gcc/arm-none-eabi/7.2.1/../../../../arm-none-eabi/lib/thumb/v7-m\libc.a(lib_a-atexit.o)
                              c:/users/admin/.platformio/packages/toolchain-gccarmnoneeabi/bin/../lib/gcc/arm-none-eabi/7.2.1/../../../../arm-none-eabi/lib/thumb/v7-m\libc.a(lib_a-__call_atexit.o) (atexit)
c:/users/admin/.platformio/packages/toolchain-gccarmnoneeabi/bin/../lib/gcc/arm-none-eabi/7.2.1/../../../../arm-none-eabi/lib/thumb/v7-m\libc.a(lib_a-fini.o)
                              c:/users/admin/.platformio/packages/toolchain-gccarmnoneeabi/bin/../lib/gcc/arm-none-eabi/7.2.1/../../../../arm-none-eabi/lib/thumb/v7-m\libc.a(lib_a-__call_atexit.o) (__libc_fini_array)
c:/users/admin/.platformio/packages/toolchain-gccarmnoneeabi/bin/../lib/gcc/arm-none-eabi/7.2.1/../../../../arm-none-eabi/lib/thumb/v7-m\libc.a(lib_a-lock.o)
                              c:/users/admin/.platformio/packages/toolchain-gccarmnoneeabi/bin/../lib/gcc/arm-none-eabi/7.2.1/../../../../arm-none-eabi/lib/thumb/v7-m\libc.a(lib_a-__call_atexit.o) (__retarget_lock_acquire_recursive)
c:/users/admin/.platformio/packages/toolchain-gccarmnoneeabi/bin/../lib/gcc/arm-none-eabi/7.2.1/../../../../arm-none-eabi/lib/thumb/v7-m\libc.a(lib_a-__atexit.o)
                              c:/users/admin/.platformio/packages/toolchain-gccarmnoneeabi/bin/../lib/gcc/arm-none-eabi/7.2.1/../../../../arm-none-eabi/lib/thumb/v7-m\libc.a(lib_a-atexit.o) (__register_exitproc)

Allocating common symbols
Common symbol       size              file

__lock___atexit_recursive_mutex
                    0x1               c:/users/admin/.platformio/packages/toolchain-gccarmnoneeabi/bin/../lib/gcc/arm-none-eabi/7.2.1/../../../../arm-none-eabi/lib/thumb/v7-m\libc.a(lib_a-lock.o)
__lock___arc4random_mutex
                    0x1               c:/users/admin/.platformio/packages/toolchain-gccarmnoneeabi/bin/../lib/gcc/arm-none-eabi/7.2.1/../../../../arm-none-eabi/lib/thumb/v7-m\libc.a(lib_a-lock.o)
uwTick              0x4               .pio\build\genericSTM32F103C8\src\cubemx\Drivers\STM32F1xx_HAL_Driver\Src\stm32f1xx_hal.o
pFlash              0x20              .pio\build\genericSTM32F103C8\src\cubemx\Drivers\STM32F1xx_HAL_Driver\Src\stm32f1xx_hal_flash.o
__lock___env_recursive_mutex
                    0x1               c:/users/admin/.platformio/packages/toolchain-gccarmnoneeabi/bin/../lib/gcc/arm-none-eabi/7.2.1/../../../../arm-none-eabi/lib/thumb/v7-m\libc.a(lib_a-lock.o)
__lock___sinit_recursive_mutex
                    0x1               c:/users/admin/.platformio/packages/toolchain-gccarmnoneeabi/bin/../lib/gcc/arm-none-eabi/7.2.1/../../../../arm-none-eabi/lib/thumb/v7-m\libc.a(lib_a-lock.o)
__lock___malloc_recursive_mutex
                    0x1               c:/users/admin/.platformio/packages/toolchain-gccarmnoneeabi/bin/../lib/gcc/arm-none-eabi/7.2.1/../../../../arm-none-eabi/lib/thumb/v7-m\libc.a(lib_a-lock.o)
huart1              0x44              .pio\build\genericSTM32F103C8\src\cubemx\Core\Src\usart.o
[...]
Memory Configuration

Name             Origin             Length             Attributes
RAM              0x20000000         0x00005000         xrw
FLASH            0x08000000         0x00002000         xr
*default*        0x00000000         0xffffffff

Linker script and memory map

LOAD c:/users/admin/.platformio/packages/toolchain-gccarmnoneeabi/bin/../lib/gcc/arm-none-eabi/7.2.1/thumb/v7-m/crti.o
LOAD c:/users/admin/.platformio/packages/toolchain-gccarmnoneeabi/bin/../lib/gcc/arm-none-eabi/7.2.1/thumb/v7-m/crtbegin.o
LOAD c:/users/admin/.platformio/packages/toolchain-gccarmnoneeabi/bin/../lib/gcc/arm-none-eabi/7.2.1/../../../../arm-none-eabi/lib/thumb/v7-m/crt0.o
LOAD .pio\build\genericSTM32F103C8\src\cubemx\Core\Src\gpio.o
LOAD .pio\build\genericSTM32F103C8\src\cubemx\Core\Src\main.o
LOAD .pio\build\genericSTM32F103C8\src\cubemx\Core\Src\stm32f1xx_hal_msp.o
LOAD .pio\build\genericSTM32F103C8\src\cubemx\Core\Src\stm32f1xx_hal_timebase_tim.o
LOAD .pio\build\genericSTM32F103C8\src\cubemx\Core\Src\stm32f1xx_it.o
LOAD .pio\build\genericSTM32F103C8\src\cubemx\Core\Src\system_stm32f1xx.o
LOAD .pio\build\genericSTM32F103C8\src\cubemx\Core\Src\usart.o
LOAD .pio\build\genericSTM32F103C8\src\cubemx\Drivers\STM32F1xx_HAL_Driver\Src\stm32f1xx_hal.o
LOAD .pio\build\genericSTM32F103C8\src\cubemx\Drivers\STM32F1xx_HAL_Driver\Src\stm32f1xx_hal_cortex.o
LOAD .pio\build\genericSTM32F103C8\src\cubemx\Drivers\STM32F1xx_HAL_Driver\Src\stm32f1xx_hal_dma.o
LOAD .pio\build\genericSTM32F103C8\src\cubemx\Drivers\STM32F1xx_HAL_Driver\Src\stm32f1xx_hal_exti.o
LOAD .pio\build\genericSTM32F103C8\src\cubemx\Drivers\STM32F1xx_HAL_Driver\Src\stm32f1xx_hal_flash.o
LOAD .pio\build\genericSTM32F103C8\src\cubemx\Drivers\STM32F1xx_HAL_Driver\Src\stm32f1xx_hal_flash_ex.o
LOAD .pio\build\genericSTM32F103C8\src\cubemx\Drivers\STM32F1xx_HAL_Driver\Src\stm32f1xx_hal_gpio.o
LOAD .pio\build\genericSTM32F103C8\src\cubemx\Drivers\STM32F1xx_HAL_Driver\Src\stm32f1xx_hal_gpio_ex.o
LOAD .pio\build\genericSTM32F103C8\src\cubemx\Drivers\STM32F1xx_HAL_Driver\Src\stm32f1xx_hal_pwr.o
LOAD .pio\build\genericSTM32F103C8\src\cubemx\Drivers\STM32F1xx_HAL_Driver\Src\stm32f1xx_hal_rcc.o
LOAD .pio\build\genericSTM32F103C8\src\cubemx\Drivers\STM32F1xx_HAL_Driver\Src\stm32f1xx_hal_rcc_ex.o
LOAD .pio\build\genericSTM32F103C8\src\cubemx\Drivers\STM32F1xx_HAL_Driver\Src\stm32f1xx_hal_tim.o
LOAD .pio\build\genericSTM32F103C8\src\cubemx\Drivers\STM32F1xx_HAL_Driver\Src\stm32f1xx_hal_tim_ex.o
LOAD .pio\build\genericSTM32F103C8\src\cubemx\Drivers\STM32F1xx_HAL_Driver\Src\stm32f1xx_hal_uart.o
LOAD .pio\build\genericSTM32F103C8\src\cubemx\startup_stm32f103xb.o
START GROUP
LOAD c:/users/admin/.platformio/packages/toolchain-gccarmnoneeabi/bin/../lib/gcc/arm-none-eabi/7.2.1/../../../../arm-none-eabi/lib/thumb/v7-m\libc.a
LOAD c:/users/admin/.platformio/packages/toolchain-gccarmnoneeabi/bin/../lib/gcc/arm-none-eabi/7.2.1/thumb/v7-m\libgcc.a
LOAD c:/users/admin/.platformio/packages/toolchain-gccarmnoneeabi/bin/../lib/gcc/arm-none-eabi/7.2.1/../../../../arm-none-eabi/lib/thumb/v7-m\libm.a
LOAD c:/users/admin/.platformio/packages/toolchain-gccarmnoneeabi/bin/../lib/gcc/arm-none-eabi/7.2.1/../../../../arm-none-eabi/lib/thumb/v7-m\libstdc++.a
END GROUP
START GROUP
LOAD c:/users/admin/.platformio/packages/toolchain-gccarmnoneeabi/bin/../lib/gcc/arm-none-eabi/7.2.1/thumb/v7-m\libgcc.a
LOAD c:/users/admin/.platformio/packages/toolchain-gccarmnoneeabi/bin/../lib/gcc/arm-none-eabi/7.2.1/../../../../arm-none-eabi/lib/thumb/v7-m\libc.a
END GROUP
LOAD c:/users/admin/.platformio/packages/toolchain-gccarmnoneeabi/bin/../lib/gcc/arm-none-eabi/7.2.1/thumb/v7-m/crtend.o
LOAD c:/users/admin/.platformio/packages/toolchain-gccarmnoneeabi/bin/../lib/gcc/arm-none-eabi/7.2.1/thumb/v7-m/crtn.o
                0x20005000                _estack = (ORIGIN (RAM) + LENGTH (RAM))
                0x00000200                _Min_Heap_Size = 0x200
                0x00000400                _Min_Stack_Size = 0x400

.isr_vector     0x08000000      0x10c
                0x08000000                . = ALIGN (0x4)
 *(.isr_vector)
 .isr_vector    0x08000000      0x10c .pio\build\genericSTM32F103C8\src\cubemx\startup_stm32f103xb.o
                0x08000000                g_pfnVectors
                0x0800010c                . = ALIGN (0x4)

.text           0x0800010c     0x1274
                0x0800010c                . = ALIGN (0x4)
 *(.text)
 .text          0x0800010c       0x40 c:/users/admin/.platformio/packages/toolchain-gccarmnoneeabi/bin/../lib/gcc/arm-none-eabi/7.2.1/thumb/v7-m/crtbegin.o
 *(.text*)
 .text.MX_GPIO_Init
                0x0800014c       0xa0 .pio\build\genericSTM32F103C8\src\cubemx\Core\Src\gpio.o
                0x0800014c                MX_GPIO_Init
 .text.SystemClock_Config
                0x080001ec       0x5e .pio\build\genericSTM32F103C8\src\cubemx\Core\Src\main.o
                0x080001ec                SystemClock_Config
 *fill*         0x0800024a        0x2 
 .text.startup.main
                0x0800024c       0xbc .pio\build\genericSTM32F103C8\src\cubemx\Core\Src\main.o
                0x0800024c                main
 .text.HAL_TIM_PeriodElapsedCallback
                0x08000308       0x14 .pio\build\genericSTM32F103C8\src\cubemx\Core\Src\main.o
                0x08000308                HAL_TIM_PeriodElapsedCallback
 .text.Error_Handler
                0x0800031c        0x4 .pio\build\genericSTM32F103C8\src\cubemx\Core\Src\main.o
                0x0800031c                Error_Handler
 .text.HAL_MspInit
                0x08000320       0x44 .pio\build\genericSTM32F103C8\src\cubemx\Core\Src\stm32f1xx_hal_msp.o
                0x08000320                HAL_MspInit
 .text.HAL_InitTick
                0x08000364       0x90 .pio\build\genericSTM32F103C8\src\cubemx\Core\Src\stm32f1xx_hal_timebase_tim.o
                0x08000364                HAL_InitTick
 .text.NMI_Handler
                0x080003f4        0x2 .pio\build\genericSTM32F103C8\src\cubemx\Core\Src\stm32f1xx_it.o
                0x080003f4                NMI_Handler
 .text.HardFault_Handler
                0x080003f6        0x2 .pio\build\genericSTM32F103C8\src\cubemx\Core\Src\stm32f1xx_it.o
                0x080003f6                HardFault_Handler
 .text.MemManage_Handler
                0x080003f8        0x2 .pio\build\genericSTM32F103C8\src\cubemx\Core\Src\stm32f1xx_it.o
                0x080003f8                MemManage_Handler
 .text.BusFault_Handler
                0x080003fa        0x2 .pio\build\genericSTM32F103C8\src\cubemx\Core\Src\stm32f1xx_it.o
                0x080003fa                BusFault_Handler
 .text.UsageFault_Handler
                0x080003fc        0x2 .pio\build\genericSTM32F103C8\src\cubemx\Core\Src\stm32f1xx_it.o
                0x080003fc                UsageFault_Handler
 .text.SVC_Handler
                0x080003fe        0x2 .pio\build\genericSTM32F103C8\src\cubemx\Core\Src\stm32f1xx_it.o
                0x080003fe                SVC_Handler
 .text.DebugMon_Handler
                0x08000400        0x2 .pio\build\genericSTM32F103C8\src\cubemx\Core\Src\stm32f1xx_it.o
                0x08000400                DebugMon_Handler
 .text.PendSV_Handler
                0x08000402        0x2 .pio\build\genericSTM32F103C8\src\cubemx\Core\Src\stm32f1xx_it.o
                0x08000402                PendSV_Handler
 .text.SysTick_Handler
                0x08000404        0x2 .pio\build\genericSTM32F103C8\src\cubemx\Core\Src\stm32f1xx_it.o
                0x08000404                SysTick_Handler
 *fill*         0x08000406        0x2 
 .text.TIM1_UP_IRQHandler
                0x08000408        0xc .pio\build\genericSTM32F103C8\src\cubemx\Core\Src\stm32f1xx_it.o
                0x08000408                TIM1_UP_IRQHandler
 .text.SystemInit
                0x08000414        0x2 .pio\build\genericSTM32F103C8\src\cubemx\Core\Src\system_stm32f1xx.o
                0x08000414                SystemInit
 *fill*         0x08000416        0x2 
 .text.MX_USART1_UART_Init
                0x08000418       0x38 .pio\build\genericSTM32F103C8\src\cubemx\Core\Src\usart.o
                0x08000418                MX_USART1_UART_Init
 .text.HAL_UART_MspInit
                0x08000450       0x78 .pio\build\genericSTM32F103C8\src\cubemx\Core\Src\usart.o
                0x08000450                HAL_UART_MspInit
 .text.HAL_Init
                0x080004c8       0x24 .pio\build\genericSTM32F103C8\src\cubemx\Drivers\STM32F1xx_HAL_Driver\Src\stm32f1xx_hal.o
                0x080004c8                HAL_Init
 .text.HAL_IncTick
                0x080004ec       0x18 .pio\build\genericSTM32F103C8\src\cubemx\Drivers\STM32F1xx_HAL_Driver\Src\stm32f1xx_hal.o
                0x080004ec                HAL_IncTick
 .text.HAL_GetTick
                0x08000504        0xc .pio\build\genericSTM32F103C8\src\cubemx\Drivers\STM32F1xx_HAL_Driver\Src\stm32f1xx_hal.o
                0x08000504                HAL_GetTick
 .text.HAL_Delay
                0x08000510       0x24 .pio\build\genericSTM32F103C8\src\cubemx\Drivers\STM32F1xx_HAL_Driver\Src\stm32f1xx_hal.o
                0x08000510                HAL_Delay
 .text.HAL_NVIC_SetPriorityGrouping
                0x08000534       0x24 .pio\build\genericSTM32F103C8\src\cubemx\Drivers\STM32F1xx_HAL_Driver\Src\stm32f1xx_hal_cortex.o
                0x08000534                HAL_NVIC_SetPriorityGrouping
 .text.HAL_NVIC_SetPriority
                0x08000558       0x68 .pio\build\genericSTM32F103C8\src\cubemx\Drivers\STM32F1xx_HAL_Driver\Src\stm32f1xx_hal_cortex.o
                0x08000558                HAL_NVIC_SetPriority
 .text.HAL_NVIC_EnableIRQ
                0x080005c0       0x1c .pio\build\genericSTM32F103C8\src\cubemx\Drivers\STM32F1xx_HAL_Driver\Src\stm32f1xx_hal_cortex.o
                0x080005c0                HAL_NVIC_EnableIRQ
 .text.HAL_GPIO_Init
                0x080005dc      0x1c0 .pio\build\genericSTM32F103C8\src\cubemx\Drivers\STM32F1xx_HAL_Driver\Src\stm32f1xx_hal_gpio.o
                0x080005dc                HAL_GPIO_Init
 .text.HAL_GPIO_WritePin
                0x0800079c        0xa .pio\build\genericSTM32F103C8\src\cubemx\Drivers\STM32F1xx_HAL_Driver\Src\stm32f1xx_hal_gpio.o
                0x0800079c                HAL_GPIO_WritePin
 *fill*         0x080007a6        0x2 
 .text.HAL_RCC_DeInit
                0x080007a8       0xd8 .pio\build\genericSTM32F103C8\src\cubemx\Drivers\STM32F1xx_HAL_Driver\Src\stm32f1xx_hal_rcc.o
                0x080007a8                HAL_RCC_DeInit
 .text.HAL_RCC_OscConfig
                0x08000880      0x33c .pio\build\genericSTM32F103C8\src\cubemx\Drivers\STM32F1xx_HAL_Driver\Src\stm32f1xx_hal_rcc.o
                0x08000880                HAL_RCC_OscConfig
 .text.HAL_RCC_GetSysClockFreq
                0x08000bbc       0x74 .pio\build\genericSTM32F103C8\src\cubemx\Drivers\STM32F1xx_HAL_Driver\Src\stm32f1xx_hal_rcc.o
                0x08000bbc                HAL_RCC_GetSysClockFreq
 .text.HAL_RCC_ClockConfig
                0x08000c30      0x138 .pio\build\genericSTM32F103C8\src\cubemx\Drivers\STM32F1xx_HAL_Driver\Src\stm32f1xx_hal_rcc.o
                0x08000c30                HAL_RCC_ClockConfig
 .text.HAL_RCC_GetPCLK1Freq
                0x08000d68       0x20 .pio\build\genericSTM32F103C8\src\cubemx\Drivers\STM32F1xx_HAL_Driver\Src\stm32f1xx_hal_rcc.o
                0x08000d68                HAL_RCC_GetPCLK1Freq
 .text.HAL_RCC_GetPCLK2Freq
                0x08000d88       0x20 .pio\build\genericSTM32F103C8\src\cubemx\Drivers\STM32F1xx_HAL_Driver\Src\stm32f1xx_hal_rcc.o
                0x08000d88                HAL_RCC_GetPCLK2Freq
 .text.HAL_RCC_GetClockConfig
                0x08000da8       0x3c .pio\build\genericSTM32F103C8\src\cubemx\Drivers\STM32F1xx_HAL_Driver\Src\stm32f1xx_hal_rcc.o
                0x08000da8                HAL_RCC_GetClockConfig
 .text.HAL_TIM_Base_MspInit
                0x08000de4        0x2 .pio\build\genericSTM32F103C8\src\cubemx\Drivers\STM32F1xx_HAL_Driver\Src\stm32f1xx_hal_tim.o
                0x08000de4                HAL_TIM_Base_MspInit
 *fill*         0x08000de6        0x2 
 .text.HAL_TIM_Base_Start_IT
                0x08000de8       0x54 .pio\build\genericSTM32F103C8\src\cubemx\Drivers\STM32F1xx_HAL_Driver\Src\stm32f1xx_hal_tim.o
                0x08000de8                HAL_TIM_Base_Start_IT
 .text.HAL_TIM_OC_DelayElapsedCallback
                0x08000e3c        0x2 .pio\build\genericSTM32F103C8\src\cubemx\Drivers\STM32F1xx_HAL_Driver\Src\stm32f1xx_hal_tim.o
                0x08000e3c                HAL_TIM_OC_DelayElapsedCallback
 .text.HAL_TIM_IC_CaptureCallback
                0x08000e3e        0x2 .pio\build\genericSTM32F103C8\src\cubemx\Drivers\STM32F1xx_HAL_Driver\Src\stm32f1xx_hal_tim.o
                0x08000e3e                HAL_TIM_IC_CaptureCallback
 .text.HAL_TIM_PWM_PulseFinishedCallback
                0x08000e40        0x2 .pio\build\genericSTM32F103C8\src\cubemx\Drivers\STM32F1xx_HAL_Driver\Src\stm32f1xx_hal_tim.o
                0x08000e40                HAL_TIM_PWM_PulseFinishedCallback
 .text.HAL_TIM_TriggerCallback
                0x08000e42        0x2 .pio\build\genericSTM32F103C8\src\cubemx\Drivers\STM32F1xx_HAL_Driver\Src\stm32f1xx_hal_tim.o
                0x08000e42                HAL_TIM_TriggerCallback
 .text.HAL_TIM_IRQHandler
                0x08000e44      0x144 .pio\build\genericSTM32F103C8\src\cubemx\Drivers\STM32F1xx_HAL_Driver\Src\stm32f1xx_hal_tim.o
                0x08000e44                HAL_TIM_IRQHandler
 .text.TIM_Base_SetConfig
                0x08000f88       0x70 .pio\build\genericSTM32F103C8\src\cubemx\Drivers\STM32F1xx_HAL_Driver\Src\stm32f1xx_hal_tim.o
                0x08000f88                TIM_Base_SetConfig
 .text.HAL_TIM_Base_Init
                0x08000ff8       0x58 .pio\build\genericSTM32F103C8\src\cubemx\Drivers\STM32F1xx_HAL_Driver\Src\stm32f1xx_hal_tim.o
                0x08000ff8                HAL_TIM_Base_Init
 .text.HAL_TIMEx_CommutCallback
                0x08001050        0x2 .pio\build\genericSTM32F103C8\src\cubemx\Drivers\STM32F1xx_HAL_Driver\Src\stm32f1xx_hal_tim_ex.o
                0x08001050                HAL_TIMEx_CommutCallback
 .text.HAL_TIMEx_BreakCallback
                0x08001052        0x2 .pio\build\genericSTM32F103C8\src\cubemx\Drivers\STM32F1xx_HAL_Driver\Src\stm32f1xx_hal_tim_ex.o
                0x08001052                HAL_TIMEx_BreakCallback
 .text.UART_SetConfig
                0x08001054       0x74 .pio\build\genericSTM32F103C8\src\cubemx\Drivers\STM32F1xx_HAL_Driver\Src\stm32f1xx_hal_uart.o
 .text.HAL_UART_Init
                0x080010c8       0x5c .pio\build\genericSTM32F103C8\src\cubemx\Drivers\STM32F1xx_HAL_Driver\Src\stm32f1xx_hal_uart.o
                0x080010c8                HAL_UART_Init
 .text.Reset_Handler
                0x08001124       0x48 .pio\build\genericSTM32F103C8\src\cubemx\startup_stm32f103xb.o
                0x08001124                Reset_Handler
 .text.Default_Handler
                0x0800116c        0x2 .pio\build\genericSTM32F103C8\src\cubemx\startup_stm32f103xb.o
                0x0800116c                RTC_Alarm_IRQHandler
                0x0800116c                EXTI2_IRQHandler
                0x0800116c                TIM1_CC_IRQHandler
                0x0800116c                PVD_IRQHandler
                0x0800116c                EXTI3_IRQHandler
                0x0800116c                EXTI0_IRQHandler
                0x0800116c                I2C2_EV_IRQHandler
                0x0800116c                ADC1_2_IRQHandler
                0x0800116c                SPI1_IRQHandler
                0x0800116c                TAMPER_IRQHandler
                0x0800116c                DMA1_Channel4_IRQHandler
                0x0800116c                USART3_IRQHandler
                0x0800116c                RTC_IRQHandler
                0x0800116c                DMA1_Channel7_IRQHandler
                0x0800116c                CAN1_RX1_IRQHandler
                0x0800116c                TIM4_IRQHandler
                0x0800116c                I2C1_EV_IRQHandler
                0x0800116c                DMA1_Channel6_IRQHandler
                0x0800116c                TIM3_IRQHandler
                0x0800116c                RCC_IRQHandler
                0x0800116c                TIM1_TRG_COM_IRQHandler
                0x0800116c                DMA1_Channel1_IRQHandler
                0x0800116c                Default_Handler
                0x0800116c                EXTI15_10_IRQHandler
                0x0800116c                EXTI9_5_IRQHandler
                0x0800116c                SPI2_IRQHandler
                0x0800116c                DMA1_Channel5_IRQHandler
                0x0800116c                EXTI4_IRQHandler
                0x0800116c                USB_LP_CAN1_RX0_IRQHandler
                0x0800116c                USB_HP_CAN1_TX_IRQHandler
                0x0800116c                DMA1_Channel3_IRQHandler
                0x0800116c                WWDG_IRQHandler
                0x0800116c                TIM2_IRQHandler
                0x0800116c                TIM1_BRK_IRQHandler
                0x0800116c                EXTI1_IRQHandler
                0x0800116c                USART2_IRQHandler
                0x0800116c                I2C2_ER_IRQHandler
                0x0800116c                DMA1_Channel2_IRQHandler
                0x0800116c                CAN1_SCE_IRQHandler
                0x0800116c                FLASH_IRQHandler
                0x0800116c                USART1_IRQHandler
                0x0800116c                I2C1_ER_IRQHandler
                0x0800116c                USBWakeUp_IRQHandler
 *fill*         0x0800116e        0x2 
 .text.__libc_init_array
                0x08001170       0x48 c:/users/admin/.platformio/packages/toolchain-gccarmnoneeabi/bin/../lib/gcc/arm-none-eabi/7.2.1/../../../../arm-none-eabi/lib/thumb/v7-m\libc.a(lib_a-init.o)
                0x08001170                __libc_init_array
 .text.memset   0x080011b8       0x94 c:/users/admin/.platformio/packages/toolchain-gccarmnoneeabi/bin/../lib/gcc/arm-none-eabi/7.2.1/../../../../arm-none-eabi/lib/thumb/v7-m\libc.a(lib_a-memset.o)
                0x080011b8                memset
 .text.startup.register_fini
                0x0800124c       0x14 c:/users/admin/.platformio/packages/toolchain-gccarmnoneeabi/bin/../lib/gcc/arm-none-eabi/7.2.1/../../../../arm-none-eabi/lib/thumb/v7-m\libc.a(lib_a-__call_atexit.o)
 .text.atexit   0x08001260        0xc c:/users/admin/.platformio/packages/toolchain-gccarmnoneeabi/bin/../lib/gcc/arm-none-eabi/7.2.1/../../../../arm-none-eabi/lib/thumb/v7-m\libc.a(lib_a-atexit.o)
                0x08001260                atexit
 .text.__libc_fini_array
                0x0800126c       0x34 c:/users/admin/.platformio/packages/toolchain-gccarmnoneeabi/bin/../lib/gcc/arm-none-eabi/7.2.1/../../../../arm-none-eabi/lib/thumb/v7-m\libc.a(lib_a-fini.o)
                0x0800126c                __libc_fini_array
 .text.__retarget_lock_acquire_recursive
                0x080012a0        0x4 c:/users/admin/.platformio/packages/toolchain-gccarmnoneeabi/bin/../lib/gcc/arm-none-eabi/7.2.1/../../../../arm-none-eabi/lib/thumb/v7-m\libc.a(lib_a-lock.o)
                0x080012a0                __retarget_lock_acquire_recursive
 .text.__retarget_lock_release_recursive
                0x080012a4        0x4 c:/users/admin/.platformio/packages/toolchain-gccarmnoneeabi/bin/../lib/gcc/arm-none-eabi/7.2.1/../../../../arm-none-eabi/lib/thumb/v7-m\libc.a(lib_a-lock.o)
                0x080012a4                __retarget_lock_release_recursive
 .text.__register_exitproc
                0x080012a8       0xc0 c:/users/admin/.platformio/packages/toolchain-gccarmnoneeabi/bin/../lib/gcc/arm-none-eabi/7.2.1/../../../../arm-none-eabi/lib/thumb/v7-m\libc.a(lib_a-__atexit.o)
                0x080012a8                __register_exitproc
 *(.glue_7)
 .glue_7        0x08001368        0x0 linker stubs
 *(.glue_7t)
 .glue_7t       0x08001368        0x0 linker stubs
 *(.eh_frame)
 .eh_frame      0x08001368        0x0 c:/users/admin/.platformio/packages/toolchain-gccarmnoneeabi/bin/../lib/gcc/arm-none-eabi/7.2.1/thumb/v7-m/crtbegin.o
 *(.init)
 .init          0x08001368        0x4 c:/users/admin/.platformio/packages/toolchain-gccarmnoneeabi/bin/../lib/gcc/arm-none-eabi/7.2.1/thumb/v7-m/crti.o
                0x08001368                _init
 .init          0x0800136c        0x8 c:/users/admin/.platformio/packages/toolchain-gccarmnoneeabi/bin/../lib/gcc/arm-none-eabi/7.2.1/thumb/v7-m/crtn.o
 *(.fini)
 .fini          0x08001374        0x4 c:/users/admin/.platformio/packages/toolchain-gccarmnoneeabi/bin/../lib/gcc/arm-none-eabi/7.2.1/thumb/v7-m/crti.o
                0x08001374                _fini
 .fini          0x08001378        0x8 c:/users/admin/.platformio/packages/toolchain-gccarmnoneeabi/bin/../lib/gcc/arm-none-eabi/7.2.1/thumb/v7-m/crtn.o
                0x08001380                . = ALIGN (0x4)
                0x08001380                _etext = .

.vfp11_veneer   0x08001380        0x0
 .vfp11_veneer  0x08001380        0x0 linker stubs

.v4_bx          0x08001380        0x0
 .v4_bx         0x08001380        0x0 linker stubs

.iplt           0x08001380        0x0
 .iplt          0x08001380        0x0 c:/users/admin/.platformio/packages/toolchain-gccarmnoneeabi/bin/../lib/gcc/arm-none-eabi/7.2.1/thumb/v7-m/crtbegin.o

.rodata         0x08001380       0x2c
                0x08001380                . = ALIGN (0x4)
 *(.rodata)
 .rodata        0x08001380       0x10 .pio\build\genericSTM32F103C8\src\cubemx\Drivers\STM32F1xx_HAL_Driver\Src\stm32f1xx_hal_rcc.o
 *(.rodata*)
 .rodata.AHBPrescTable
                0x08001390       0x10 .pio\build\genericSTM32F103C8\src\cubemx\Core\Src\system_stm32f1xx.o
                0x08001390                AHBPrescTable
 .rodata.APBPrescTable
                0x080013a0        0x8 .pio\build\genericSTM32F103C8\src\cubemx\Core\Src\system_stm32f1xx.o
                0x080013a0                APBPrescTable
 .rodata._global_impure_ptr
                0x080013a8        0x4 c:/users/admin/.platformio/packages/toolchain-gccarmnoneeabi/bin/../lib/gcc/arm-none-eabi/7.2.1/../../../../arm-none-eabi/lib/thumb/v7-m\libc.a(lib_a-impure.o)
                0x080013a8                _global_impure_ptr
                0x080013ac                . = ALIGN (0x4)

.rel.dyn        0x080013ac        0x0
 .rel.iplt      0x080013ac        0x0 c:/users/admin/.platformio/packages/toolchain-gccarmnoneeabi/bin/../lib/gcc/arm-none-eabi/7.2.1/thumb/v7-m/crtbegin.o

.ARM.extab
 *(.ARM.extab* .gnu.linkonce.armextab.*)

.ARM            0x080013ac        0x0
                0x080013ac                __exidx_start = .
 *(.ARM.exidx*)
                0x080013ac                __exidx_end = .

.preinit_array  0x080013ac        0x0
                0x080013ac                PROVIDE (__preinit_array_start, .)
 *(.preinit_array*)
                0x080013ac                PROVIDE (__preinit_array_end, .)

.init_array     0x080013ac        0x8
                0x080013ac                PROVIDE (__init_array_start, .)
 *(SORT_BY_NAME(.init_array.*))
 .init_array.00000
                0x080013ac        0x4 c:/users/admin/.platformio/packages/toolchain-gccarmnoneeabi/bin/../lib/gcc/arm-none-eabi/7.2.1/../../../../arm-none-eabi/lib/thumb/v7-m\libc.a(lib_a-__call_atexit.o)
 *(.init_array*)
 .init_array    0x080013b0        0x4 c:/users/admin/.platformio/packages/toolchain-gccarmnoneeabi/bin/../lib/gcc/arm-none-eabi/7.2.1/thumb/v7-m/crtbegin.o
                0x080013b4                PROVIDE (__init_array_end, .)

.fini_array     0x080013b4        0x4
                0x080013b4                PROVIDE (__fini_array_start, .)
 *(SORT_BY_NAME(.fini_array.*))
 *(.fini_array*)
 .fini_array    0x080013b4        0x4 c:/users/admin/.platformio/packages/toolchain-gccarmnoneeabi/bin/../lib/gcc/arm-none-eabi/7.2.1/thumb/v7-m/crtbegin.o
                0x080013b8                PROVIDE (__fini_array_end, .)
                0x080013b8                _sidata = LOADADDR (.data)

.data           0x20000000      0x43c load address 0x080013b8
                0x20000000                . = ALIGN (0x4)
                0x20000000                _sdata = .
 *(.data)
 *(.data*)
 .data.SystemCoreClock
                0x20000000        0x4 .pio\build\genericSTM32F103C8\src\cubemx\Core\Src\system_stm32f1xx.o
                0x20000000                SystemCoreClock
 .data.uwTickFreq
                0x20000004        0x1 .pio\build\genericSTM32F103C8\src\cubemx\Drivers\STM32F1xx_HAL_Driver\Src\stm32f1xx_hal.o
                0x20000004                uwTickFreq
 *fill*         0x20000005        0x3 
 .data.uwTickPrio
                0x20000008        0x4 .pio\build\genericSTM32F103C8\src\cubemx\Drivers\STM32F1xx_HAL_Driver\Src\stm32f1xx_hal.o
                0x20000008                uwTickPrio
 *fill*         0x2000000c        0x4 
 .data.impure_data
                0x20000010      0x428 c:/users/admin/.platformio/packages/toolchain-gccarmnoneeabi/bin/../lib/gcc/arm-none-eabi/7.2.1/../../../../arm-none-eabi/lib/thumb/v7-m\libc.a(lib_a-impure.o)
 .data.__atexit_recursive_mutex
                0x20000438        0x4 c:/users/admin/.platformio/packages/toolchain-gccarmnoneeabi/bin/../lib/gcc/arm-none-eabi/7.2.1/../../../../arm-none-eabi/lib/thumb/v7-m\libc.a(lib_a-__call_atexit.o)
                0x20000438                __atexit_recursive_mutex
                0x2000043c                . = ALIGN (0x4)
                0x2000043c                _edata = .

.igot.plt       0x2000043c        0x0 load address 0x080017f4
 .igot.plt      0x2000043c        0x0 c:/users/admin/.platformio/packages/toolchain-gccarmnoneeabi/bin/../lib/gcc/arm-none-eabi/7.2.1/thumb/v7-m/crtbegin.o
                0x2000043c                . = ALIGN (0x4)

.bss            0x2000043c       0xd0 load address 0x080017f4
                0x2000043c                _sbss = .
                0x2000043c                __bss_start__ = _sbss
 *(.bss)
 .bss           0x2000043c       0x1c c:/users/admin/.platformio/packages/toolchain-gccarmnoneeabi/bin/../lib/gcc/arm-none-eabi/7.2.1/thumb/v7-m/crtbegin.o
 *(.bss*)
 *(COMMON)
 COMMON         0x20000458       0x48 .pio\build\genericSTM32F103C8\src\cubemx\Core\Src\stm32f1xx_hal_timebase_tim.o
                0x20000458                htim1
 COMMON         0x200004a0       0x44 .pio\build\genericSTM32F103C8\src\cubemx\Core\Src\usart.o
                0x200004a0                huart1
 COMMON         0x200004e4        0x4 .pio\build\genericSTM32F103C8\src\cubemx\Drivers\STM32F1xx_HAL_Driver\Src\stm32f1xx_hal.o
                0x200004e4                uwTick
 COMMON         0x200004e8       0x21 c:/users/admin/.platformio/packages/toolchain-gccarmnoneeabi/bin/../lib/gcc/arm-none-eabi/7.2.1/../../../../arm-none-eabi/lib/thumb/v7-m\libc.a(lib_a-lock.o)
                0x200004e8                __lock___atexit_recursive_mutex
                0x200004ec                __lock___arc4random_mutex
                0x200004f0                __lock___env_recursive_mutex
                0x200004f4                __lock___sinit_recursive_mutex
                0x200004f8                __lock___malloc_recursive_mutex
                0x200004fc                __lock___at_quick_exit_mutex
                0x20000500                __lock___dd_hash_mutex
                0x20000504                __lock___tz_mutex
                0x20000508                __lock___sfp_recursive_mutex
                0x2000050c                . = ALIGN (0x4)
 *fill*         0x20000509        0x3 
                0x2000050c                _ebss = .
                0x2000050c                __bss_end__ = _ebss

._user_heap_stack
                0x2000050c      0x604 load address 0x080017f4
                0x20000510                . = ALIGN (0x8)
 *fill*         0x2000050c        0x4 
                [!provide]                PROVIDE (end, .)
                [!provide]                PROVIDE (_end, .)
                0x20000710                . = (. + _Min_Heap_Size)
 *fill*         0x20000510      0x200 
                0x20000b10                . = (. + _Min_Stack_Size)
 *fill*         0x20000710      0x400 
                0x20000b10                . = ALIGN (0x8)

/DISCARD/
 libc.a(*)
 libm.a(*)
 libgcc.a(*)

.ARM.attributes
                0x00000000       0x29
 *(.ARM.attributes)
 .ARM.attributes
                0x00000000       0x1d c:/users/admin/.platformio/packages/toolchain-gccarmnoneeabi/bin/../lib/gcc/arm-none-eabi/7.2.1/thumb/v7-m/crti.o
 .ARM.attributes
                0x0000001d       0x2d c:/users/admin/.platformio/packages/toolchain-gccarmnoneeabi/bin/../lib/gcc/arm-none-eabi/7.2.1/thumb/v7-m/crtbegin.o
 .ARM.attributes
                0x0000004a       0x33 .pio\build\genericSTM32F103C8\src\cubemx\Core\Src\gpio.o
 .ARM.attributes
                0x0000007d       0x33 .pio\build\genericSTM32F103C8\src\cubemx\Core\Src\main.o
 .ARM.attributes
                0x000000b0       0x33 .pio\build\genericSTM32F103C8\src\cubemx\Core\Src\stm32f1xx_hal_msp.o
 .ARM.attributes
                0x000000e3       0x33 .pio\build\genericSTM32F103C8\src\cubemx\Core\Src\stm32f1xx_hal_timebase_tim.o
 .ARM.attributes
                0x00000116       0x33 .pio\build\genericSTM32F103C8\src\cubemx\Core\Src\stm32f1xx_it.o
 .ARM.attributes
                0x00000149       0x33 .pio\build\genericSTM32F103C8\src\cubemx\Core\Src\system_stm32f1xx.o
 .ARM.attributes
                0x0000017c       0x33 .pio\build\genericSTM32F103C8\src\cubemx\Core\Src\usart.o
 .ARM.attributes
                0x000001af       0x33 .pio\build\genericSTM32F103C8\src\cubemx\Drivers\STM32F1xx_HAL_Driver\Src\stm32f1xx_hal.o
 .ARM.attributes
                0x000001e2       0x33 .pio\build\genericSTM32F103C8\src\cubemx\Drivers\STM32F1xx_HAL_Driver\Src\stm32f1xx_hal_cortex.o
 .ARM.attributes
                0x00000215       0x33 .pio\build\genericSTM32F103C8\src\cubemx\Drivers\STM32F1xx_HAL_Driver\Src\stm32f1xx_hal_gpio.o
 .ARM.attributes
                0x00000248       0x33 .pio\build\genericSTM32F103C8\src\cubemx\Drivers\STM32F1xx_HAL_Driver\Src\stm32f1xx_hal_rcc.o
 .ARM.attributes
                0x0000027b       0x33 .pio\build\genericSTM32F103C8\src\cubemx\Drivers\STM32F1xx_HAL_Driver\Src\stm32f1xx_hal_tim.o
 .ARM.attributes
                0x000002ae       0x33 .pio\build\genericSTM32F103C8\src\cubemx\Drivers\STM32F1xx_HAL_Driver\Src\stm32f1xx_hal_tim_ex.o
 .ARM.attributes
                0x000002e1       0x33 .pio\build\genericSTM32F103C8\src\cubemx\Drivers\STM32F1xx_HAL_Driver\Src\stm32f1xx_hal_uart.o
 .ARM.attributes
                0x00000314       0x21 .pio\build\genericSTM32F103C8\src\cubemx\startup_stm32f103xb.o
 .ARM.attributes
                0x00000335       0x2d c:/users/admin/.platformio/packages/toolchain-gccarmnoneeabi/bin/../lib/gcc/arm-none-eabi/7.2.1/../../../../arm-none-eabi/lib/thumb/v7-m\libc.a(lib_a-impure.o)
 .ARM.attributes
                0x00000362       0x2d c:/users/admin/.platformio/packages/toolchain-gccarmnoneeabi/bin/../lib/gcc/arm-none-eabi/7.2.1/../../../../arm-none-eabi/lib/thumb/v7-m\libc.a(lib_a-init.o)
 .ARM.attributes
                0x0000038f       0x2d c:/users/admin/.platformio/packages/toolchain-gccarmnoneeabi/bin/../lib/gcc/arm-none-eabi/7.2.1/../../../../arm-none-eabi/lib/thumb/v7-m\libc.a(lib_a-memset.o)
 .ARM.attributes
                0x000003bc       0x2d c:/users/admin/.platformio/packages/toolchain-gccarmnoneeabi/bin/../lib/gcc/arm-none-eabi/7.2.1/../../../../arm-none-eabi/lib/thumb/v7-m\libc.a(lib_a-__call_atexit.o)
 .ARM.attributes
                0x000003e9       0x2d c:/users/admin/.platformio/packages/toolchain-gccarmnoneeabi/bin/../lib/gcc/arm-none-eabi/7.2.1/../../../../arm-none-eabi/lib/thumb/v7-m\libc.a(lib_a-atexit.o)
 .ARM.attributes
                0x00000416       0x2d c:/users/admin/.platformio/packages/toolchain-gccarmnoneeabi/bin/../lib/gcc/arm-none-eabi/7.2.1/../../../../arm-none-eabi/lib/thumb/v7-m\libc.a(lib_a-fini.o)
 .ARM.attributes
                0x00000443       0x2d c:/users/admin/.platformio/packages/toolchain-gccarmnoneeabi/bin/../lib/gcc/arm-none-eabi/7.2.1/../../../../arm-none-eabi/lib/thumb/v7-m\libc.a(lib_a-lock.o)
 .ARM.attributes
                0x00000470       0x2d c:/users/admin/.platformio/packages/toolchain-gccarmnoneeabi/bin/../lib/gcc/arm-none-eabi/7.2.1/../../../../arm-none-eabi/lib/thumb/v7-m\libc.a(lib_a-__atexit.o)
 .ARM.attributes
                0x0000049d       0x1d c:/users/admin/.platformio/packages/toolchain-gccarmnoneeabi/bin/../lib/gcc/arm-none-eabi/7.2.1/thumb/v7-m/crtn.o
OUTPUT(.pio\build\genericSTM32F103C8\firmware.elf elf32-littlearm)

.comment        0x00000000       0x7e
 .comment       0x00000000       0x7e .pio\build\genericSTM32F103C8\src\cubemx\Core\Src\gpio.o
                                 0x7f (size before relaxing)
 .comment       0x0000007e       0x7f .pio\build\genericSTM32F103C8\src\cubemx\Core\Src\main.o
 .comment       0x0000007e       0x7f .pio\build\genericSTM32F103C8\src\cubemx\Core\Src\stm32f1xx_hal_msp.o
 .comment       0x0000007e       0x7f .pio\build\genericSTM32F103C8\src\cubemx\Core\Src\stm32f1xx_hal_timebase_tim.o
 .comment       0x0000007e       0x7f .pio\build\genericSTM32F103C8\src\cubemx\Core\Src\stm32f1xx_it.o
 .comment       0x0000007e       0x7f .pio\build\genericSTM32F103C8\src\cubemx\Core\Src\system_stm32f1xx.o
 .comment       0x0000007e       0x7f .pio\build\genericSTM32F103C8\src\cubemx\Core\Src\usart.o
 .comment       0x0000007e       0x7f .pio\build\genericSTM32F103C8\src\cubemx\Drivers\STM32F1xx_HAL_Driver\Src\stm32f1xx_hal.o
 .comment       0x0000007e       0x7f .pio\build\genericSTM32F103C8\src\cubemx\Drivers\STM32F1xx_HAL_Driver\Src\stm32f1xx_hal_cortex.o
 .comment       0x0000007e       0x7f .pio\build\genericSTM32F103C8\src\cubemx\Drivers\STM32F1xx_HAL_Driver\Src\stm32f1xx_hal_gpio.o
 .comment       0x0000007e       0x7f .pio\build\genericSTM32F103C8\src\cubemx\Drivers\STM32F1xx_HAL_Driver\Src\stm32f1xx_hal_rcc.o
 .comment       0x0000007e       0x7f .pio\build\genericSTM32F103C8\src\cubemx\Drivers\STM32F1xx_HAL_Driver\Src\stm32f1xx_hal_tim.o
 .comment       0x0000007e       0x7f .pio\build\genericSTM32F103C8\src\cubemx\Drivers\STM32F1xx_HAL_Driver\Src\stm32f1xx_hal_tim_ex.o
 .comment       0x0000007e       0x7f .pio\build\genericSTM32F103C8\src\cubemx\Drivers\STM32F1xx_HAL_Driver\Src\stm32f1xx_hal_uart.o

.debug_frame    0x00000000      0x1f8
 .debug_frame   0x00000000       0x2c c:/users/admin/.platformio/packages/toolchain-gccarmnoneeabi/bin/../lib/gcc/arm-none-eabi/7.2.1/../../../../arm-none-eabi/lib/thumb/v7-m\libc.a(lib_a-init.o)
 .debug_frame   0x0000002c       0x38 c:/users/admin/.platformio/packages/toolchain-gccarmnoneeabi/bin/../lib/gcc/arm-none-eabi/7.2.1/../../../../arm-none-eabi/lib/thumb/v7-m\libc.a(lib_a-memset.o)
 .debug_frame   0x00000064       0x5c c:/users/admin/.platformio/packages/toolchain-gccarmnoneeabi/bin/../lib/gcc/arm-none-eabi/7.2.1/../../../../arm-none-eabi/lib/thumb/v7-m\libc.a(lib_a-__call_atexit.o)
 .debug_frame   0x000000c0       0x20 c:/users/admin/.platformio/packages/toolchain-gccarmnoneeabi/bin/../lib/gcc/arm-none-eabi/7.2.1/../../../../arm-none-eabi/lib/thumb/v7-m\libc.a(lib_a-atexit.o)
 .debug_frame   0x000000e0       0x34 c:/users/admin/.platformio/packages/toolchain-gccarmnoneeabi/bin/../lib/gcc/arm-none-eabi/7.2.1/../../../../arm-none-eabi/lib/thumb/v7-m\libc.a(lib_a-fini.o)
 .debug_frame   0x00000114       0xb0 c:/users/admin/.platformio/packages/toolchain-gccarmnoneeabi/bin/../lib/gcc/arm-none-eabi/7.2.1/../../../../arm-none-eabi/lib/thumb/v7-m\libc.a(lib_a-lock.o)
 .debug_frame   0x000001c4       0x34 c:/users/admin/.platformio/packages/toolchain-gccarmnoneeabi/bin/../lib/gcc/arm-none-eabi/7.2.1/../../../../arm-none-eabi/lib/thumb/v7-m\libc.a(lib_a-__atexit.o)
